// Jest Snapshot v1, https://goo.gl/fbAQLP

exports[`Rewards Distribution Helpers calculateRewardsDistribution should match the snapshot 1`] = `
{
  "actors": [
    {
      "actorType": "HAULER",
      "amount": "0.00008",
      "participant": {
        "id": "ighgvmph",
        "name": "okhwrgefhcnxyaaoekkm",
      },
      "percentage": "0.0000007999",
    },
    {
      "actorType": "INTEGRATOR",
      "amount": "0.00009",
      "participant": {
        "id": "ptmeahooevs",
        "name": "i",
      },
      "percentage": "0.0000008999",
    },
    {
      "actorType": "RECYCLER",
      "amount": "0.000008",
      "participant": {
        "id": "ygioqpnmjcak",
        "name": "iasf",
      },
      "percentage": "0.0000000799",
    },
    {
      "actorType": "NETWORK",
      "amount": "0.000034",
      "participant": {
        "id": "ttewegtjrygioqpnmjcak",
        "name": "wupdjxggyfsxb",
      },
      "percentage": "0.0000003399",
    },
    {
      "actorType": "PROCESSOR",
      "amount": "0.00001",
      "participant": {
        "id": "ttewegtjrygioqpnmjcak",
        "name": "wupdjxggyfsxb",
      },
      "percentage": "0.0000000999",
    },
    {
      "actorType": "RECYCLER",
      "amount": "0.000012",
      "participant": {
        "id": "ttewegtjrygioqpnmjcak",
        "name": "wupdjxggyfsxb",
      },
      "percentage": "0.0000001199",
    },
    {
      "actorType": "HAULER",
      "amount": "0.000033",
      "participant": {
        "id": "edge_actor1",
        "name": "Edge Actor 1",
      },
      "percentage": "0.0000003299",
    },
    {
      "actorType": "INTEGRATOR",
      "amount": "0.000033",
      "participant": {
        "id": "edge_actor2",
        "name": "Edge Actor 2",
      },
      "percentage": "0.0000003299",
    },
    {
      "actorType": "RECYCLER",
      "amount": "0.000033",
      "participant": {
        "id": "edge_actor3",
        "name": "Edge Actor 3",
      },
      "percentage": "0.0000003299",
    },
    {
      "actorType": "HAULER",
      "amount": "0.00025",
      "participant": {
        "id": "sum100_actor1",
        "name": "Sum100 Actor 1",
      },
      "percentage": "0.0000024999",
    },
    {
      "actorType": "RECYCLER",
      "amount": "0.00025",
      "participant": {
        "id": "sum100_actor2",
        "name": "Sum100 Actor 2",
      },
      "percentage": "0.0000024999",
    },
    {
      "actorType": "INTEGRATOR",
      "amount": "0",
      "participant": {
        "id": "boundary_actor1",
        "name": "Boundary Actor 1",
      },
      "percentage": "0",
    },
    {
      "actorType": "HAULER",
      "amount": "0",
      "participant": {
        "id": "boundary_actor2",
        "name": "Boundary Actor 2",
      },
      "percentage": "0",
    },
    {
      "actorType": "PROCESSOR",
      "amount": "9999.999999",
      "participant": {
        "id": "boundary_actor3",
        "name": "Boundary Actor 3",
      },
      "percentage": "99.99999167",
    },
  ],
  "massTotalValue": "10000000832.152999",
  "remainder": {
    "amount": "0.000012",
    "percentage": "0.0000001199",
  },
  "unitPrice": 0.000001,
}
`;
