// Jest Snapshot v1, https://goo.gl/fbAQLP

exports[`Rewards Distribution Helpers calculateRewardsDistribution should match the snapshot 1`] = `
{
  "actors": [
    {
      "actorType": "HAULER",
      "amount": "0.00004",
      "participant": {
        "id": "h1",
        "name": "h1",
      },
      "percentage": "0.0000003999",
    },
    {
      "actorType": "INTEGRATOR",
      "amount": "0.000045",
      "participant": {
        "id": "i1",
        "name": "i1",
      },
      "percentage": "0.0000004499",
    },
    {
      "actorType": "RECYCLER",
      "amount": "0.000004",
      "participant": {
        "id": "r1",
        "name": "r1",
      },
      "percentage": "0.0000000399",
    },
    {
      "actorType": "NETWORK",
      "amount": "0.000029",
      "participant": {
        "id": "n1",
        "name": "n1",
      },
      "percentage": "0.0000002899",
    },
    {
      "actorType": "HAULER",
      "amount": "0.000033",
      "participant": {
        "id": "e1",
        "name": "e1",
      },
      "percentage": "0.0000003299",
    },
    {
      "actorType": "INTEGRATOR",
      "amount": "0.000033",
      "participant": {
        "id": "e2",
        "name": "e2",
      },
      "percentage": "0.0000003299",
    },
    {
      "actorType": "RECYCLER",
      "amount": "0.000033",
      "participant": {
        "id": "e3",
        "name": "e3",
      },
      "percentage": "0.0000003299",
    },
    {
      "actorType": "HAULER",
      "amount": "0.00025",
      "participant": {
        "id": "s1",
        "name": "s1",
      },
      "percentage": "0.0000024999",
    },
    {
      "actorType": "RECYCLER",
      "amount": "0.00025",
      "participant": {
        "id": "s2",
        "name": "s2",
      },
      "percentage": "0.0000024999",
    },
    {
      "actorType": "INTEGRATOR",
      "amount": "0",
      "participant": {
        "id": "b1",
        "name": "b1",
      },
      "percentage": "0",
    },
    {
      "actorType": "HAULER",
      "amount": "0",
      "participant": {
        "id": "b2",
        "name": "b2",
      },
      "percentage": "0",
    },
    {
      "actorType": "PROCESSOR",
      "amount": "9999.999999",
      "participant": {
        "id": "b3",
        "name": "b3",
      },
      "percentage": "99.99999283",
    },
  ],
  "massTotalValue": "10000000716.076499",
  "remainder": {
    "amount": "0.000007",
    "percentage": "0.0000000699",
  },
  "unitPrice": 0.000001,
}
`;
